------------------------------------------------------------
TimeQuest Timing Analyzer Summary
------------------------------------------------------------

Type  : Slow 1100mV 85C Model Setup 'clk_200ms'
Slack : -17.624
TNS   : -1729.573

Type  : Slow 1100mV 85C Model Setup 'clk_25M'
Slack : -11.362
TNS   : -342.016

Type  : Slow 1100mV 85C Model Setup 'clk'
Slack : -6.941
TNS   : -292.812

Type  : Slow 1100mV 85C Model Hold 'clk'
Slack : -1.536
TNS   : -3.063

Type  : Slow 1100mV 85C Model Hold 'clk_200ms'
Slack : 0.379
TNS   : 0.000

Type  : Slow 1100mV 85C Model Hold 'clk_25M'
Slack : 0.903
TNS   : 0.000

Type  : Slow 1100mV 85C Model Minimum Pulse Width 'clk'
Slack : -0.734
TNS   : -35.854

Type  : Slow 1100mV 85C Model Minimum Pulse Width 'clk_200ms'
Slack : -0.394
TNS   : -65.141

Type  : Slow 1100mV 85C Model Minimum Pulse Width 'clk_25M'
Slack : -0.394
TNS   : -24.933

Type  : Slow 1100mV 0C Model Setup 'clk_200ms'
Slack : -17.678
TNS   : -1741.254

Type  : Slow 1100mV 0C Model Setup 'clk_25M'
Slack : -11.408
TNS   : -344.019

Type  : Slow 1100mV 0C Model Setup 'clk'
Slack : -7.191
TNS   : -298.678

Type  : Slow 1100mV 0C Model Hold 'clk'
Slack : -1.483
TNS   : -2.904

Type  : Slow 1100mV 0C Model Hold 'clk_200ms'
Slack : 0.392
TNS   : 0.000

Type  : Slow 1100mV 0C Model Hold 'clk_25M'
Slack : 0.884
TNS   : 0.000

Type  : Slow 1100mV 0C Model Minimum Pulse Width 'clk'
Slack : -0.744
TNS   : -39.630

Type  : Slow 1100mV 0C Model Minimum Pulse Width 'clk_200ms'
Slack : -0.394
TNS   : -64.829

Type  : Slow 1100mV 0C Model Minimum Pulse Width 'clk_25M'
Slack : -0.394
TNS   : -24.894

Type  : Fast 1100mV 85C Model Setup 'clk_200ms'
Slack : -9.994
TNS   : -989.048

Type  : Fast 1100mV 85C Model Setup 'clk_25M'
Slack : -6.320
TNS   : -183.627

Type  : Fast 1100mV 85C Model Setup 'clk'
Slack : -3.638
TNS   : -142.507

Type  : Fast 1100mV 85C Model Hold 'clk'
Slack : -0.937
TNS   : -1.630

Type  : Fast 1100mV 85C Model Hold 'clk_200ms'
Slack : 0.181
TNS   : 0.000

Type  : Fast 1100mV 85C Model Hold 'clk_25M'
Slack : 0.446
TNS   : 0.000

Type  : Fast 1100mV 85C Model Minimum Pulse Width 'clk'
Slack : -0.684
TNS   : -7.137

Type  : Fast 1100mV 85C Model Minimum Pulse Width 'clk_25M'
Slack : -0.009
TNS   : -0.117

Type  : Fast 1100mV 85C Model Minimum Pulse Width 'clk_200ms'
Slack : 0.133
TNS   : 0.000

Type  : Fast 1100mV 0C Model Setup 'clk_200ms'
Slack : -9.284
TNS   : -917.997

Type  : Fast 1100mV 0C Model Setup 'clk_25M'
Slack : -5.994
TNS   : -173.189

Type  : Fast 1100mV 0C Model Setup 'clk'
Slack : -3.377
TNS   : -130.133

Type  : Fast 1100mV 0C Model Hold 'clk'
Slack : -0.948
TNS   : -1.672

Type  : Fast 1100mV 0C Model Hold 'clk_200ms'
Slack : 0.174
TNS   : 0.000

Type  : Fast 1100mV 0C Model Hold 'clk_25M'
Slack : 0.412
TNS   : 0.000

Type  : Fast 1100mV 0C Model Minimum Pulse Width 'clk'
Slack : -0.657
TNS   : -7.128

Type  : Fast 1100mV 0C Model Minimum Pulse Width 'clk_25M'
Slack : 0.021
TNS   : 0.000

Type  : Fast 1100mV 0C Model Minimum Pulse Width 'clk_200ms'
Slack : 0.143
TNS   : 0.000

------------------------------------------------------------
