------------------------------------------------------------
TimeQuest Timing Analyzer Summary
------------------------------------------------------------

Type  : Slow 1100mV 85C Model Setup 'clk_200ms'
Slack : -17.552
TNS   : -1275.582

Type  : Slow 1100mV 85C Model Setup 'clk_25M'
Slack : -8.638
TNS   : -265.076

Type  : Slow 1100mV 85C Model Setup 'clk'
Slack : -6.503
TNS   : -283.982

Type  : Slow 1100mV 85C Model Hold 'clk'
Slack : -1.894
TNS   : -3.315

Type  : Slow 1100mV 85C Model Hold 'clk_200ms'
Slack : 0.328
TNS   : 0.000

Type  : Slow 1100mV 85C Model Hold 'clk_25M'
Slack : 0.684
TNS   : 0.000

Type  : Slow 1100mV 85C Model Minimum Pulse Width 'clk'
Slack : -0.722
TNS   : -35.926

Type  : Slow 1100mV 85C Model Minimum Pulse Width 'clk_200ms'
Slack : -0.410
TNS   : -49.499

Type  : Slow 1100mV 85C Model Minimum Pulse Width 'clk_25M'
Slack : -0.394
TNS   : -25.085

Type  : Slow 1100mV 0C Model Setup 'clk_200ms'
Slack : -17.922
TNS   : -1303.622

Type  : Slow 1100mV 0C Model Setup 'clk_25M'
Slack : -8.860
TNS   : -270.133

Type  : Slow 1100mV 0C Model Setup 'clk'
Slack : -6.747
TNS   : -287.850

Type  : Slow 1100mV 0C Model Hold 'clk'
Slack : -1.668
TNS   : -2.937

Type  : Slow 1100mV 0C Model Hold 'clk_200ms'
Slack : 0.334
TNS   : 0.000

Type  : Slow 1100mV 0C Model Hold 'clk_25M'
Slack : 0.683
TNS   : 0.000

Type  : Slow 1100mV 0C Model Minimum Pulse Width 'clk'
Slack : -0.739
TNS   : -39.882

Type  : Slow 1100mV 0C Model Minimum Pulse Width 'clk_200ms'
Slack : -0.407
TNS   : -49.261

Type  : Slow 1100mV 0C Model Minimum Pulse Width 'clk_25M'
Slack : -0.394
TNS   : -24.733

Type  : Fast 1100mV 85C Model Setup 'clk_200ms'
Slack : -9.873
TNS   : -719.311

Type  : Fast 1100mV 85C Model Setup 'clk_25M'
Slack : -4.647
TNS   : -140.904

Type  : Fast 1100mV 85C Model Setup 'clk'
Slack : -3.385
TNS   : -141.038

Type  : Fast 1100mV 85C Model Hold 'clk'
Slack : -0.987
TNS   : -1.570

Type  : Fast 1100mV 85C Model Hold 'clk_200ms'
Slack : 0.126
TNS   : 0.000

Type  : Fast 1100mV 85C Model Hold 'clk_25M'
Slack : 0.360
TNS   : 0.000

Type  : Fast 1100mV 85C Model Minimum Pulse Width 'clk'
Slack : -0.635
TNS   : -6.962

Type  : Fast 1100mV 85C Model Minimum Pulse Width 'clk_200ms'
Slack : -0.160
TNS   : -2.360

Type  : Fast 1100mV 85C Model Minimum Pulse Width 'clk_25M'
Slack : -0.026
TNS   : -0.125

Type  : Fast 1100mV 0C Model Setup 'clk_200ms'
Slack : -9.300
TNS   : -677.644

Type  : Fast 1100mV 0C Model Setup 'clk_25M'
Slack : -4.409
TNS   : -132.517

Type  : Fast 1100mV 0C Model Setup 'clk'
Slack : -3.139
TNS   : -128.052

Type  : Fast 1100mV 0C Model Hold 'clk'
Slack : -0.872
TNS   : -1.443

Type  : Fast 1100mV 0C Model Hold 'clk_200ms'
Slack : 0.109
TNS   : 0.000

Type  : Fast 1100mV 0C Model Hold 'clk_25M'
Slack : 0.331
TNS   : 0.000

Type  : Fast 1100mV 0C Model Minimum Pulse Width 'clk'
Slack : -0.618
TNS   : -6.923

Type  : Fast 1100mV 0C Model Minimum Pulse Width 'clk_200ms'
Slack : -0.107
TNS   : -1.280

Type  : Fast 1100mV 0C Model Minimum Pulse Width 'clk_25M'
Slack : 0.007
TNS   : 0.000

------------------------------------------------------------
