------------------------------------------------------------
TimeQuest Timing Analyzer Summary
------------------------------------------------------------

Type  : Slow 1100mV 85C Model Setup 'clk_200ms'
Slack : -14.713
TNS   : -1009.966

Type  : Slow 1100mV 85C Model Setup 'clk_25M'
Slack : -8.937
TNS   : -282.556

Type  : Slow 1100mV 85C Model Setup 'clk'
Slack : -6.534
TNS   : -273.930

Type  : Slow 1100mV 85C Model Hold 'clk'
Slack : -1.708
TNS   : -2.594

Type  : Slow 1100mV 85C Model Hold 'clk_200ms'
Slack : 0.775
TNS   : 0.000

Type  : Slow 1100mV 85C Model Hold 'clk_25M'
Slack : 1.056
TNS   : 0.000

Type  : Slow 1100mV 85C Model Minimum Pulse Width 'clk'
Slack : -0.758
TNS   : -35.900

Type  : Slow 1100mV 85C Model Minimum Pulse Width 'clk_200ms'
Slack : -0.394
TNS   : -47.206

Type  : Slow 1100mV 85C Model Minimum Pulse Width 'clk_25M'
Slack : -0.394
TNS   : -27.164

Type  : Slow 1100mV 0C Model Setup 'clk_200ms'
Slack : -14.692
TNS   : -1010.741

Type  : Slow 1100mV 0C Model Setup 'clk_25M'
Slack : -9.121
TNS   : -288.457

Type  : Slow 1100mV 0C Model Setup 'clk'
Slack : -6.779
TNS   : -278.477

Type  : Slow 1100mV 0C Model Hold 'clk'
Slack : -1.490
TNS   : -2.134

Type  : Slow 1100mV 0C Model Hold 'clk_200ms'
Slack : 0.753
TNS   : 0.000

Type  : Slow 1100mV 0C Model Hold 'clk_25M'
Slack : 1.042
TNS   : 0.000

Type  : Slow 1100mV 0C Model Minimum Pulse Width 'clk'
Slack : -0.762
TNS   : -39.058

Type  : Slow 1100mV 0C Model Minimum Pulse Width 'clk_200ms'
Slack : -0.394
TNS   : -46.148

Type  : Slow 1100mV 0C Model Minimum Pulse Width 'clk_25M'
Slack : -0.394
TNS   : -27.144

Type  : Fast 1100mV 85C Model Setup 'clk_200ms'
Slack : -8.676
TNS   : -593.030

Type  : Fast 1100mV 85C Model Setup 'clk_25M'
Slack : -4.942
TNS   : -151.376

Type  : Fast 1100mV 85C Model Setup 'clk'
Slack : -3.461
TNS   : -134.218

Type  : Fast 1100mV 85C Model Hold 'clk'
Slack : -0.837
TNS   : -0.927

Type  : Fast 1100mV 85C Model Hold 'clk_200ms'
Slack : 0.367
TNS   : 0.000

Type  : Fast 1100mV 85C Model Hold 'clk_25M'
Slack : 0.430
TNS   : 0.000

Type  : Fast 1100mV 85C Model Minimum Pulse Width 'clk'
Slack : -0.679
TNS   : -7.257

Type  : Fast 1100mV 85C Model Minimum Pulse Width 'clk_200ms'
Slack : -0.121
TNS   : -1.646

Type  : Fast 1100mV 85C Model Minimum Pulse Width 'clk_25M'
Slack : -0.101
TNS   : -1.018

Type  : Fast 1100mV 0C Model Setup 'clk_200ms'
Slack : -8.103
TNS   : -554.725

Type  : Fast 1100mV 0C Model Setup 'clk_25M'
Slack : -4.680
TNS   : -142.423

Type  : Fast 1100mV 0C Model Setup 'clk'
Slack : -3.212
TNS   : -123.012

Type  : Fast 1100mV 0C Model Hold 'clk'
Slack : -0.749
TNS   : -0.809

Type  : Fast 1100mV 0C Model Hold 'clk_200ms'
Slack : 0.342
TNS   : 0.000

Type  : Fast 1100mV 0C Model Hold 'clk_25M'
Slack : 0.376
TNS   : 0.000

Type  : Fast 1100mV 0C Model Minimum Pulse Width 'clk'
Slack : -0.649
TNS   : -7.163

Type  : Fast 1100mV 0C Model Minimum Pulse Width 'clk_200ms'
Slack : -0.063
TNS   : -0.581

Type  : Fast 1100mV 0C Model Minimum Pulse Width 'clk_25M'
Slack : -0.060
TNS   : -0.461

------------------------------------------------------------
